src/components/Dashboard.tsx(6,40): error TS6133: 'GripVertical' is declared but its value is never read.
src/components/TaskItem.tsx(3,51): error TS6133: 'ListChecks' is declared but its value is never read.
src/components/TaskItem.tsx(3,76): error TS6133: 'ChevronUp' is declared but its value is never read.
src/components/TaskItem.tsx(33,80): error TS6133: 'onDateClick' is declared but its value is never read.
src/components/TaskItem.tsx(34,62): error TS6133: 'sortBy' is declared but its value is never read.
src/components/TaskItem.tsx(45,11): error TS6133: 'containerRef' is declared but its value is never read.
src/components/TaskItem.tsx(196,30): error TS2339: Property 'map' does not exist on type '"" | string[]'.
  Property 'map' does not exist on type '""'.
src/components/TaskItem.tsx(197,36): error TS7006: Parameter 'a' implicitly has an 'any' type.
src/components/TaskItem.tsx(197,39): error TS7006: Parameter 'b' implicitly has an 'any' type.
